// Jest Snapshot v1, https://goo.gl/fbAQLP

exports[`renders the proper HTML structure 1`] = `
<div
  className="flex-bfOkaE bINiYi"
>
  <div
    className="flex-hMftNG bQfNHT"
    color="blue"
  >
    <span>
      Debug Information
    </span>
    <a
      href="#"
      onClick={[Function]}
    >
      Close
    </a>
  </div>
  <div
    className="flex-hWOzxa dsHpRg"
  >
    <p>
      Here is the debug information you asked for. Please send this to the plugin maintainers if they ask for it.
    </p>
    <div
      className="sc-bdVaJa hcHUEK item-bUAMdM bMtFws"
      onClick={[Function]}
    >
      foobar
    </div>
  </div>
</div>
`;
