// Jest Snapshot v1, https://goo.gl/fbAQLP

exports[`renders correctly 1`] = `
.c1 {
  -webkit-order: 0;
  -ms-flex-order: 0;
  order: 0;
  -webkit-flex-basis: auto;
  -ms-flex-preferred-size: auto;
  flex-basis: auto;
  -webkit-box-flex: 0;
  -webkit-flex-grow: 0;
  -ms-flex-positive: 0;
  flex-grow: 0;
  -webkit-flex-shrink: 1;
  -ms-flex-negative: 1;
  flex-shrink: 1;
  display: block;
}

.c0 {
  background: #0c0c0c;
  border-radius: 2px;
  padding: 5px;
  margin: 0;
  width: 100%;
  box-sizing: border-box;
  font-family: monospace;
  overflow: auto;
  text-align: left;
}

<div
  className="c0 c1"
  onClick={[Function]}
>
  test text
</div>
`;
