// Jest Snapshot v1, https://goo.gl/fbAQLP

exports[`renders correctly 1`] = `
<button
  className="sc-bwzfXH kfPdOC sc-bdVaJa jOdvgS"
  onClick={[Function]}
>
  <div
    className="flex-citwDR bmCxDQ"
  >
    <span>
      Foobar
    </span>
    <img
      alt="Next"
      src="test-file-stub"
    />
  </div>
</button>
`;
