// Jest Snapshot v1, https://goo.gl/fbAQLP

exports[`renders correctly 1`] = `
.c0 {
  -webkit-box-flex: 1;
  -webkit-flex-grow: 1;
  -ms-flex-positive: 1;
  flex-grow: 1;
  margin: 0 15px;
}

.c0 .rc-slider .rc-slider-rail {
  background-color: #191919;
  border-radius: 0;
}

.c0 .rc-slider .rc-slider-track {
  background-color: #0078d7;
  border-radius: 0;
}

.c0 .rc-slider .rc-slider-handle {
  border: none;
  width: 12px;
  height: 12px;
  margin-left: -6px;
  margin-top: -4px;
  background-color: #0078d7;
}

<div
  className="c0"
>
  <div
    className="rc-slider"
    onBlur={[Function]}
    onFocus={[Function]}
    onKeyDown={[Function]}
    onMouseDown={[Function]}
    onTouchStart={[Function]}
    style={undefined}
  >
    <div
      className="rc-slider-rail"
      style={Object {}}
    />
    <div
      className="rc-slider-track"
      style={
        Object {
          "left": "0%",
          "width": "10%",
        }
      }
    />
    <div
      className="rc-slider-step"
    />
    <div
      aria-disabled={false}
      aria-valuemax={100}
      aria-valuemin={0}
      aria-valuenow={10}
      className="rc-slider-handle"
      role="slider"
      style={
        Object {
          "left": "10%",
        }
      }
      tabIndex={0}
    />
    <div
      className="rc-slider-mark"
    />
  </div>
</div>
`;
