// Jest Snapshot v1, https://goo.gl/fbAQLP

exports[`renders correctly 1`] = `
<div
  className="sc-htpNat eUUrvg flex-citwDR eWuqiZ"
>
  <div
    className="content"
  >
    <div>
      Tab A
    </div>
  </div>
  <div
    className="sc-bwzfXH cYfKZY"
  >
    <button
      className="sc-bdVaJa eazgxO"
      onClick={[Function]}
    >
      <img
        alt="Tab 1"
        src="one"
      />
    </button>
    <button
      className="sc-bdVaJa gPiPUB"
      onClick={[Function]}
    >
      <img
        alt="Tab 2"
        src="two"
      />
    </button>
    <button
      className="sc-bdVaJa gPiPUB"
      onClick={[Function]}
    >
      <img
        alt="Tab 3"
        src="three"
      />
    </button>
  </div>
</div>
`;
