// Jest Snapshot v1, https://goo.gl/fbAQLP

exports[`renders correctly 1`] = `
<div
  className="sc-bwzfXH cYfKZY"
>
  <button
    className="sc-bdVaJa gPiPUB"
    onClick={[Function]}
  >
    <img
      alt="Tab 1"
      src="icons/one.svg"
    />
  </button>
  <button
    className="sc-bdVaJa eazgxO"
    onClick={[Function]}
  >
    <img
      alt="Tab 2"
      src="icons/two.svg"
    />
  </button>
  <button
    className="sc-bdVaJa gPiPUB"
    onClick={[Function]}
  >
    <img
      alt="Tab 3"
      src="icons/three.svg"
    />
  </button>
</div>
`;
